// Jest Snapshot v1, https://goo.gl/fbAQLP

exports[`Scopecomp should match the snapshot with all data passed in 1`] = `
<div
  className="proto"
>
  <Instruction
    increment={[MockFunction]}
    showCard={true}
    toggleCard={[MockFunction]}
  />
</div>
`;
